Traceback (most recent call last):
  File "/home/user/.venv/lib/python3.12/site-packages/jupyter_core/utils/__init__.py", line 154, in wrapped
    asyncio.get_running_loop()
RuntimeError: no running event loop

During handling of the above exception, another exception occurred:

Traceback (most recent call last):
  File "/home/user/.venv/lib/python3.12/site-packages/jupyter_cache/executors/utils.py", line 58, in single_nb_execution
    executenb(
  File "/home/user/.venv/lib/python3.12/site-packages/nbclient/client.py", line 1319, in execute
    return NotebookClient(nb=nb, resources=resources, km=km, **kwargs).execute()
           ^^^^^^^^^^^^^^^^^^^^^^^^^^^^^^^^^^^^^^^^^^^^^^^^^^^^^^^^^^^^^^^^^^^^^
  File "/home/user/.venv/lib/python3.12/site-packages/jupyter_core/utils/__init__.py", line 158, in wrapped
    return loop.run_until_complete(inner)
           ^^^^^^^^^^^^^^^^^^^^^^^^^^^^^^
  File "/usr/local/lib/python3.12/asyncio/base_events.py", line 687, in run_until_complete
    return future.result()
           ^^^^^^^^^^^^^^^
  File "/home/user/.venv/lib/python3.12/site-packages/nbclient/client.py", line 709, in async_execute
    await self.async_execute_cell(
  File "/home/user/.venv/lib/python3.12/site-packages/nbclient/client.py", line 1062, in async_execute_cell
    await self._check_raise_for_error(cell, cell_index, exec_reply)
  File "/home/user/.venv/lib/python3.12/site-packages/nbclient/client.py", line 918, in _check_raise_for_error
    raise CellExecutionError.from_cell_and_msg(cell, exec_reply_content)
nbclient.exceptions.CellExecutionError: An error occurred while executing the following cell:
------------------
# Assuming the Student class is updated with the new greet method
student1 = Student("Francesco", "Totti", "LUISS", "123456", 30, "Viale Romania")
student1.add_exam(30)
student1.add_exam(25)
student1.add_exam(18)
student1.greet()
------------------


[31m---------------------------------------------------------------------------[39m
[31mAttributeError[39m                            Traceback (most recent call last)
[36mCell[39m[36m [39m[32mIn[21][39m[32m, line 3[39m
[32m      1[39m [38;5;66;03m# Assuming the Student class is updated with the new greet method[39;00m
[32m      2[39m student1 = Student([33m"[39m[33mFrancesco[39m[33m"[39m, [33m"[39m[33mTotti[39m[33m"[39m, [33m"[39m[33mLUISS[39m[33m"[39m, [33m"[39m[33m123456[39m[33m"[39m, [32m30[39m, [33m"[39m[33mViale Romania[39m[33m"[39m)
[32m----> [39m[32m3[39m [43mstudent1[49m[43m.[49m[43madd_exam[49m([32m30[39m)
[32m      4[39m student1.add_exam([32m25[39m)
[32m      5[39m student1.add_exam([32m18[39m)

[31mAttributeError[39m: 'Student' object has no attribute 'add_exam'

