Traceback (most recent call last):
  File "/home/user/.venv/lib/python3.12/site-packages/jupyter_core/utils/__init__.py", line 154, in wrapped
    asyncio.get_running_loop()
RuntimeError: no running event loop

During handling of the above exception, another exception occurred:

Traceback (most recent call last):
  File "/home/user/.venv/lib/python3.12/site-packages/jupyter_cache/executors/utils.py", line 58, in single_nb_execution
    executenb(
  File "/home/user/.venv/lib/python3.12/site-packages/nbclient/client.py", line 1319, in execute
    return NotebookClient(nb=nb, resources=resources, km=km, **kwargs).execute()
           ^^^^^^^^^^^^^^^^^^^^^^^^^^^^^^^^^^^^^^^^^^^^^^^^^^^^^^^^^^^^^^^^^^^^^
  File "/home/user/.venv/lib/python3.12/site-packages/jupyter_core/utils/__init__.py", line 158, in wrapped
    return loop.run_until_complete(inner)
           ^^^^^^^^^^^^^^^^^^^^^^^^^^^^^^
  File "/usr/local/lib/python3.12/asyncio/base_events.py", line 687, in run_until_complete
    return future.result()
           ^^^^^^^^^^^^^^^
  File "/home/user/.venv/lib/python3.12/site-packages/nbclient/client.py", line 709, in async_execute
    await self.async_execute_cell(
  File "/home/user/.venv/lib/python3.12/site-packages/nbclient/client.py", line 1062, in async_execute_cell
    await self._check_raise_for_error(cell, cell_index, exec_reply)
  File "/home/user/.venv/lib/python3.12/site-packages/nbclient/client.py", line 918, in _check_raise_for_error
    raise CellExecutionError.from_cell_and_msg(cell, exec_reply_content)
nbclient.exceptions.CellExecutionError: An error occurred while executing the following cell:
------------------
# Test that heads + tails equals total number of tosses
n = 10
heads, tails = simulate_coin_flips(n)
total_tosses = heads + tails
assert total_tosses == n, f"Expected {n} total tosses, got {total_tosses}"
assert heads >= 0 and tails >= 0, 'Counts should be non-negative'
print('Test passed: coin flipping simulation works correctly!')

------------------


[31m---------------------------------------------------------------------------[39m
[31mTypeError[39m                                 Traceback (most recent call last)
[36mCell[39m[36m [39m[32mIn[2][39m[32m, line 3[39m
[32m      1[39m [38;5;66;03m# Test that heads + tails equals total number of tosses[39;00m
[32m      2[39m n = [32m10[39m
[32m----> [39m[32m3[39m heads, tails = simulate_coin_flips(n)
[32m      4[39m total_tosses = heads + tails
[32m      5[39m [38;5;28;01massert[39;00m total_tosses == n, [33mf[39m[33m"[39m[33mExpected [39m[38;5;132;01m{[39;00mn[38;5;132;01m}[39;00m[33m total tosses, got [39m[38;5;132;01m{[39;00mtotal_tosses[38;5;132;01m}[39;00m[33m"[39m

[31mTypeError[39m: cannot unpack non-iterable NoneType object

