Traceback (most recent call last):
  File "/home/user/.venv/lib/python3.12/site-packages/jupyter_core/utils/__init__.py", line 154, in wrapped
    asyncio.get_running_loop()
RuntimeError: no running event loop

During handling of the above exception, another exception occurred:

Traceback (most recent call last):
  File "/home/user/.venv/lib/python3.12/site-packages/jupyter_cache/executors/utils.py", line 58, in single_nb_execution
    executenb(
  File "/home/user/.venv/lib/python3.12/site-packages/nbclient/client.py", line 1319, in execute
    return NotebookClient(nb=nb, resources=resources, km=km, **kwargs).execute()
           ^^^^^^^^^^^^^^^^^^^^^^^^^^^^^^^^^^^^^^^^^^^^^^^^^^^^^^^^^^^^^^^^^^^^^
  File "/home/user/.venv/lib/python3.12/site-packages/jupyter_core/utils/__init__.py", line 158, in wrapped
    return loop.run_until_complete(inner)
           ^^^^^^^^^^^^^^^^^^^^^^^^^^^^^^
  File "/usr/local/lib/python3.12/asyncio/base_events.py", line 687, in run_until_complete
    return future.result()
           ^^^^^^^^^^^^^^^
  File "/home/user/.venv/lib/python3.12/site-packages/nbclient/client.py", line 709, in async_execute
    await self.async_execute_cell(
  File "/home/user/.venv/lib/python3.12/site-packages/nbclient/client.py", line 1062, in async_execute_cell
    await self._check_raise_for_error(cell, cell_index, exec_reply)
  File "/home/user/.venv/lib/python3.12/site-packages/nbclient/client.py", line 918, in _check_raise_for_error
    raise CellExecutionError.from_cell_and_msg(cell, exec_reply_content)
nbclient.exceptions.CellExecutionError: An error occurred while executing the following cell:
------------------
# Test the Person class
assert hasattr(result, 'name'), "Person should have a name attribute"
assert hasattr(result, 'age'), "Person should have an age attribute"
assert result.name == "Alice", "Person name should be Alice"
assert result.age == 30, "Person age should be 30"
assert hasattr(result, 'introduce'), "Person should have an introduce method"
------------------


[31m---------------------------------------------------------------------------[39m
[31mAssertionError[39m                            Traceback (most recent call last)
[36mCell[39m[36m [39m[32mIn[2][39m[32m, line 2[39m
[32m      1[39m [38;5;66;03m# Test the Person class[39;00m
[32m----> [39m[32m2[39m [38;5;28;01massert[39;00m [38;5;28mhasattr[39m(result, [33m'[39m[33mname[39m[33m'[39m), [33m"[39m[33mPerson should have a name attribute[39m[33m"[39m
[32m      3[39m [38;5;28;01massert[39;00m [38;5;28mhasattr[39m(result, [33m'[39m[33mage[39m[33m'[39m), [33m"[39m[33mPerson should have an age attribute[39m[33m"[39m
[32m      4[39m [38;5;28;01massert[39;00m result.name == [33m"[39m[33mAlice[39m[33m"[39m, [33m"[39m[33mPerson name should be Alice[39m[33m"[39m

[31mAssertionError[39m: Person should have a name attribute

