Traceback (most recent call last):
  File "/home/user/.venv/lib/python3.12/site-packages/jupyter_core/utils/__init__.py", line 154, in wrapped
    asyncio.get_running_loop()
RuntimeError: no running event loop

During handling of the above exception, another exception occurred:

Traceback (most recent call last):
  File "/home/user/.venv/lib/python3.12/site-packages/jupyter_cache/executors/utils.py", line 58, in single_nb_execution
    executenb(
  File "/home/user/.venv/lib/python3.12/site-packages/nbclient/client.py", line 1319, in execute
    return NotebookClient(nb=nb, resources=resources, km=km, **kwargs).execute()
           ^^^^^^^^^^^^^^^^^^^^^^^^^^^^^^^^^^^^^^^^^^^^^^^^^^^^^^^^^^^^^^^^^^^^^
  File "/home/user/.venv/lib/python3.12/site-packages/jupyter_core/utils/__init__.py", line 158, in wrapped
    return loop.run_until_complete(inner)
           ^^^^^^^^^^^^^^^^^^^^^^^^^^^^^^
  File "/usr/local/lib/python3.12/asyncio/base_events.py", line 687, in run_until_complete
    return future.result()
           ^^^^^^^^^^^^^^^
  File "/home/user/.venv/lib/python3.12/site-packages/nbclient/client.py", line 709, in async_execute
    await self.async_execute_cell(
  File "/home/user/.venv/lib/python3.12/site-packages/nbclient/client.py", line 1062, in async_execute_cell
    await self._check_raise_for_error(cell, cell_index, exec_reply)
  File "/home/user/.venv/lib/python3.12/site-packages/nbclient/client.py", line 918, in _check_raise_for_error
    raise CellExecutionError.from_cell_and_msg(cell, exec_reply_content)
nbclient.exceptions.CellExecutionError: An error occurred while executing the following cell:
------------------
# Test the Circle class
circle = Circle(5)
assert circle.radius == 5, "Test failed: Incorrect radius"

# Test area calculation
area = circle.get_area()
assert abs(area - 78.54) < 0.1, "Test failed: Incorrect area calculation"

# Test perimeter calculation
perimeter = circle.get_perimeter()
assert abs(perimeter - 31.42) < 0.1, "Test failed: Incorrect perimeter calculation"

# Test display_info method exists
circle.display_info()
------------------


[31m---------------------------------------------------------------------------[39m
[31mNameError[39m                                 Traceback (most recent call last)
[36mCell[39m[36m [39m[32mIn[2][39m[32m, line 2[39m
[32m      1[39m [38;5;66;03m# Test the Circle class[39;00m
[32m----> [39m[32m2[39m circle = [43mCircle[49m([32m5[39m)
[32m      3[39m [38;5;28;01massert[39;00m circle.radius == [32m5[39m, [33m"[39m[33mTest failed: Incorrect radius[39m[33m"[39m
[32m      5[39m [38;5;66;03m# Test area calculation[39;00m

[31mNameError[39m: name 'Circle' is not defined

