Traceback (most recent call last):
  File "/home/user/.venv/lib/python3.12/site-packages/jupyter_core/utils/__init__.py", line 154, in wrapped
    asyncio.get_running_loop()
RuntimeError: no running event loop

During handling of the above exception, another exception occurred:

Traceback (most recent call last):
  File "/home/user/.venv/lib/python3.12/site-packages/jupyter_cache/executors/utils.py", line 58, in single_nb_execution
    executenb(
  File "/home/user/.venv/lib/python3.12/site-packages/nbclient/client.py", line 1319, in execute
    return NotebookClient(nb=nb, resources=resources, km=km, **kwargs).execute()
           ^^^^^^^^^^^^^^^^^^^^^^^^^^^^^^^^^^^^^^^^^^^^^^^^^^^^^^^^^^^^^^^^^^^^^
  File "/home/user/.venv/lib/python3.12/site-packages/jupyter_core/utils/__init__.py", line 158, in wrapped
    return loop.run_until_complete(inner)
           ^^^^^^^^^^^^^^^^^^^^^^^^^^^^^^
  File "/usr/local/lib/python3.12/asyncio/base_events.py", line 687, in run_until_complete
    return future.result()
           ^^^^^^^^^^^^^^^
  File "/home/user/.venv/lib/python3.12/site-packages/nbclient/client.py", line 709, in async_execute
    await self.async_execute_cell(
  File "/home/user/.venv/lib/python3.12/site-packages/nbclient/client.py", line 1062, in async_execute_cell
    await self._check_raise_for_error(cell, cell_index, exec_reply)
  File "/home/user/.venv/lib/python3.12/site-packages/nbclient/client.py", line 918, in _check_raise_for_error
    raise CellExecutionError.from_cell_and_msg(cell, exec_reply_content)
nbclient.exceptions.CellExecutionError: An error occurred while executing the following cell:
------------------
# Test the string to list conversion
expected = ['P', 'y', 't', 'h', 'o', 'n', ' ', 'i', 's', ' ', 'f', 'u', 'n', '!']
print("✓ Test passed: String converted to list correctly")
print(f"Result: {L}")
assert L == expected, f"Expected {expected}, got {L}"
print("✓ Test passed")

------------------

----- stdout -----
✓ Test passed: String converted to list correctly
------------------

[31m---------------------------------------------------------------------------[39m
[31mNameError[39m                                 Traceback (most recent call last)
[36mCell[39m[36m [39m[32mIn[2][39m[32m, line 4[39m
[32m      2[39m expected = [[33m'[39m[33mP[39m[33m'[39m, [33m'[39m[33my[39m[33m'[39m, [33m'[39m[33mt[39m[33m'[39m, [33m'[39m[33mh[39m[33m'[39m, [33m'[39m[33mo[39m[33m'[39m, [33m'[39m[33mn[39m[33m'[39m, [33m'[39m[33m [39m[33m'[39m, [33m'[39m[33mi[39m[33m'[39m, [33m'[39m[33ms[39m[33m'[39m, [33m'[39m[33m [39m[33m'[39m, [33m'[39m[33mf[39m[33m'[39m, [33m'[39m[33mu[39m[33m'[39m, [33m'[39m[33mn[39m[33m'[39m, [33m'[39m[33m![39m[33m'[39m]
[32m      3[39m [38;5;28mprint[39m([33m"[39m[33m✓ Test passed: String converted to list correctly[39m[33m"[39m)
[32m----> [39m[32m4[39m [38;5;28mprint[39m([33mf[39m[33m"[39m[33mResult: [39m[38;5;132;01m{[39;00m[43mL[49m[38;5;132;01m}[39;00m[33m"[39m)
[32m      5[39m [38;5;28;01massert[39;00m L == expected, [33mf[39m[33m"[39m[33mExpected [39m[38;5;132;01m{[39;00mexpected[38;5;132;01m}[39;00m[33m, got [39m[38;5;132;01m{[39;00mL[38;5;132;01m}[39;00m[33m"[39m
[32m      6[39m [38;5;28mprint[39m([33m"[39m[33m✓ Test passed[39m[33m"[39m)

[31mNameError[39m: name 'L' is not defined

